// Jest Snapshot v1, https://goo.gl/fbAQLP

exports[`Header matches snapshot 1`] = `
<ForwardRef(render)>
  <h1
    className="title"
  >
    Dashboard
  </h1>
</ForwardRef(render)>
`;
