// Jest Snapshot v1, https://goo.gl/fbAQLP

exports[`BarChartSection matches snapshot with mock data 1`] = `
<Section
  title="Monthly Sales"
>
  <ComposedChart
    barCategoryGap="10%"
    barGap={4}
    data={
      Array [
        Object {
          "Event": 120.65,
          "Pass": 6562.67,
          "Single/Rental": null,
          "Subscription": null,
          "Transactions": 12455,
          "label": "December",
        },
        Object {
          "Event": 243.64,
          "Pass": 7165.2,
          "Single/Rental": null,
          "Subscription": null,
          "Transactions": 13468,
          "label": "January",
        },
        Object {
          "Event": 345.54,
          "Pass": 46744.11,
          "Single/Rental": 12.4,
          "Subscription": null,
          "Transactions": 58446,
          "label": "February",
        },
      ]
    }
    height={400}
    layout="horizontal"
    margin={
      Object {
        "bottom": 20,
        "left": 20,
        "right": 20,
        "top": 20,
      }
    }
    reverseStackOrder={false}
    stackOffset="none"
    width={600}
  >
    <CartesianGrid
      fill="none"
      horizontal={true}
      horizontalFill={Array []}
      horizontalPoints={Array []}
      stroke="#f5f5f5"
      vertical={true}
      verticalFill={Array []}
      verticalPoints={Array []}
    />
    <XAxis
      allowDataOverflow={false}
      allowDecimals={true}
      allowDuplicatedCategory={true}
      dataKey="label"
      domain={
        Array [
          0,
          "auto",
        ]
      }
      height={30}
      hide={false}
      mirror={false}
      orientation="bottom"
      padding={
        Object {
          "left": 0,
          "right": 0,
        }
      }
      reversed={false}
      scale="auto"
      tickCount={5}
      type="category"
      width={0}
      xAxisId={0}
    />
    <YAxis
      allowDataOverflow={false}
      allowDecimals={true}
      allowDuplicatedCategory={true}
      domain={
        Array [
          0,
          "auto",
        ]
      }
      height={0}
      hide={false}
      mirror={false}
      orientation="left"
      padding={
        Object {
          "bottom": 0,
          "top": 0,
        }
      }
      reversed={false}
      scale="auto"
      tickCount={5}
      type="number"
      width={60}
      yAxisId="lower"
    />
    <YAxis
      allowDataOverflow={false}
      allowDecimals={true}
      allowDuplicatedCategory={true}
      domain={
        Array [
          0,
          "auto",
        ]
      }
      height={0}
      hide={false}
      mirror={false}
      orientation="right"
      padding={
        Object {
          "bottom": 0,
          "top": 0,
        }
      }
      reversed={false}
      scale="auto"
      tickCount={5}
      type="number"
      width={60}
      yAxisId="upper"
    />
    <Tooltip
      active={false}
      animationDuration={400}
      animationEasing="ease"
      contentStyle={Object {}}
      coordinate={
        Object {
          "x": 0,
          "y": 0,
        }
      }
      cursor={true}
      cursorStyle={Object {}}
      filterNull={true}
      isAnimationActive={true}
      itemSorter={[Function]}
      itemStyle={Object {}}
      labelStyle={Object {}}
      offset={10}
      separator=" : "
      useTranslate3d={false}
      viewBox={
        Object {
          "x1": 0,
          "x2": 0,
          "y1": 0,
          "y2": 0,
        }
      }
      wrapperStyle={Object {}}
    />
    <Legend
      align="center"
      iconSize={14}
      layout="horizontal"
      verticalAlign="bottom"
    />
    <Bar
      animationBegin={0}
      animationDuration={400}
      animationEasing="ease"
      barSize={20}
      data={Array []}
      dataKey="Event"
      fill="#5db990"
      hide={false}
      isAnimationActive={true}
      layout="vertical"
      legendType="rect"
      minPointSize={0}
      onAnimationEnd={[Function]}
      onAnimationStart={[Function]}
      xAxisId={0}
      yAxisId="upper"
    />
    <Bar
      animationBegin={0}
      animationDuration={400}
      animationEasing="ease"
      barSize={20}
      data={Array []}
      dataKey="Single/Rental"
      fill="#558ca0"
      hide={false}
      isAnimationActive={true}
      layout="vertical"
      legendType="rect"
      minPointSize={0}
      onAnimationEnd={[Function]}
      onAnimationStart={[Function]}
      xAxisId={0}
      yAxisId="lower"
    />
    <Bar
      animationBegin={0}
      animationDuration={400}
      animationEasing="ease"
      barSize={20}
      data={Array []}
      dataKey="Pass"
      fill="#864ba5"
      hide={false}
      isAnimationActive={true}
      layout="vertical"
      legendType="rect"
      minPointSize={0}
      onAnimationEnd={[Function]}
      onAnimationStart={[Function]}
      xAxisId={0}
      yAxisId="upper"
    />
    <Bar
      animationBegin={0}
      animationDuration={400}
      animationEasing="ease"
      barSize={20}
      data={Array []}
      dataKey="Subscription"
      fill="#829ac0"
      hide={false}
      isAnimationActive={true}
      layout="vertical"
      legendType="rect"
      minPointSize={0}
      onAnimationEnd={[Function]}
      onAnimationStart={[Function]}
      xAxisId={0}
      yAxisId="lower"
    />
    <Line
      activeDot={true}
      animateNewValues={true}
      animationBegin={0}
      animationDuration={1500}
      animationEasing="ease"
      connectNulls={false}
      dataKey="Transactions"
      dot={true}
      fill="#fff"
      hide={false}
      isAnimationActive={true}
      legendType="line"
      onAnimationEnd={[Function]}
      onAnimationStart={[Function]}
      points={Array []}
      stroke="#5db990"
      strokeWidth={1}
      type="monotone"
      xAxisId={0}
      yAxisId="upper"
    />
  </ComposedChart>
</Section>
`;
